mode: set
github.com/ccason/redline/internal/packet/build.go:19.2,25.1 2 0
github.com/ccason/redline/internal/packet/build.go:26.2,26.28 2 0
github.com/ccason/redline/internal/packet/build.go:27.3,28.1 1 0
github.com/ccason/redline/internal/packet/build.go:29.2,29.65 1 0
github.com/ccason/redline/internal/packet/build.go:30.3,31.1 1 0
github.com/ccason/redline/internal/packet/build.go:32.2,33.56 2 0
github.com/ccason/redline/internal/packet/build.go:34.3,35.24 2 0
github.com/ccason/redline/internal/packet/build.go:36.4,37.1 1 0
github.com/ccason/redline/internal/packet/build.go:39.2,41.31 3 0
github.com/ccason/redline/internal/packet/build.go:42.3,48.1 3 0
github.com/ccason/redline/internal/packet/build.go:49.3,50.31 3 0
github.com/ccason/redline/internal/packet/build.go:51.4,52.1 1 0
github.com/ccason/redline/internal/packet/build.go:53.3,55.22 3 0
github.com/ccason/redline/internal/packet/build.go:56.4,57.1 1 0
github.com/ccason/redline/internal/packet/build.go:58.3,58.32 1 0
github.com/ccason/redline/internal/packet/build.go:60.2,63.10 4 0
github.com/ccason/redline/internal/packet/build.go:67.2,67.26 1 0
github.com/ccason/redline/internal/packet/build.go:68.3,68.29 1 0
github.com/ccason/redline/internal/packet/build.go:69.4,69.17 1 0
github.com/ccason/redline/internal/packet/build.go:70.5,71.1 1 0
github.com/ccason/redline/internal/packet/build.go:74.2,74.14 1 0
github.com/ccason/redline/internal/packet/build.go:78.2,78.18 1 0
github.com/ccason/redline/internal/packet/build.go:79.3,80.1 1 0
github.com/ccason/redline/internal/packet/build.go:81.2,81.15 1 0
github.com/ccason/redline/internal/packet/build.go:85.2,85.9 1 0
github.com/ccason/redline/internal/packet/build.go:87.3,87.17 1 0
github.com/ccason/redline/internal/packet/build.go:89.3,89.19 1 0
github.com/ccason/redline/internal/packet/build.go:91.3,91.20 1 0
github.com/ccason/redline/internal/packet/build.go:98.2,98.32 1 0
github.com/ccason/redline/internal/packet/build.go:99.3,100.1 1 0
github.com/ccason/redline/internal/packet/build.go:101.2,103.9 3 0
github.com/ccason/redline/internal/packet/build.go:105.3,105.17 1 0
github.com/ccason/redline/internal/packet/build.go:107.3,107.19 1 0
github.com/ccason/redline/internal/packet/build.go:109.3,109.20 1 0
github.com/ccason/redline/internal/packet/build.go:116.2,117.24 2 1
github.com/ccason/redline/internal/packet/build.go:118.3,118.34 1 1
github.com/ccason/redline/internal/packet/build.go:119.4,119.21 1 0
github.com/ccason/redline/internal/packet/build.go:120.5,121.1 1 0
github.com/ccason/redline/internal/packet/build.go:123.3,123.27 1 1
github.com/ccason/redline/internal/packet/build.go:125.2,128.1 4 1
github.com/ccason/redline/internal/packet/build.go:129.2,129.9 4 1
github.com/ccason/redline/internal/packet/build.go:131.3,131.13 1 1
github.com/ccason/redline/internal/packet/build.go:133.2,133.9 1 1
github.com/ccason/redline/internal/packet/build.go:137.3,137.13 1 1
github.com/ccason/redline/internal/packet/build.go:139.2,139.13 1 1
github.com/ccason/redline/internal/packet/build.go:141.3,141.12 1 1
github.com/ccason/redline/internal/packet/build.go:143.3,144.85 1 0
github.com/ccason/redline/internal/packet/build.go:145.4,146.1 1 0
github.com/ccason/redline/internal/packet/build.go:148.3,148.38 1 1
github.com/ccason/redline/internal/packet/build.go:149.4,150.1 1 1
github.com/ccason/redline/internal/packet/build.go:152.2,153.74 1 1
github.com/ccason/redline/internal/packet/build.go:154.3,155.1 1 1
github.com/ccason/redline/internal/packet/build.go:156.2,156.21 1 1
github.com/ccason/redline/internal/packet/build.go:157.3,158.1 1 1
github.com/ccason/redline/internal/packet/build.go:159.2,159.14 1 1
github.com/ccason/redline/internal/packet/build.go:163.2,163.45 1 0
github.com/ccason/redline/internal/packet/build.go:165.3,165.14 1 0
github.com/ccason/redline/internal/packet/build.go:167.3,167.22 1 0
github.com/ccason/redline/internal/packet/build.go:169.3,169.15 1 0
github.com/ccason/redline/internal/packet/build.go:171.3,171.22 1 0
github.com/ccason/redline/internal/packet/build.go:173.3,173.15 1 0
github.com/ccason/redline/internal/packet/build.go:175.3,175.16 1 0
github.com/ccason/redline/internal/packet/build.go:177.3,177.16 1 0
github.com/ccason/redline/internal/packet/build.go:179.3,179.20 1 0
github.com/ccason/redline/internal/packet/build.go:181.3,181.15 1 0
github.com/ccason/redline/internal/packet/build.go:183.3,183.12 1 0
github.com/ccason/redline/internal/packet/generated.go:25.2,25.26 1 1
github.com/ccason/redline/internal/packet/generated.go:26.3,26.45 1 1
github.com/ccason/redline/internal/packet/generated.go:27.4,28.12 2 1
github.com/ccason/redline/internal/packet/generated.go:30.3,30.25 1 1
github.com/ccason/redline/internal/packet/generated.go:32.2,32.24 1 1
github.com/ccason/redline/internal/packet/generated.go:39.2,39.19 1 1
github.com/ccason/redline/internal/packet/generated.go:40.3,41.1 1 1
github.com/ccason/redline/internal/packet/generated.go:42.2,42.45 1 1
github.com/ccason/redline/internal/packet/generated.go:43.3,44.1 1 1
github.com/ccason/redline/internal/packet/generated.go:45.2,45.34 1 1
github.com/ccason/redline/internal/packet/generated.go:46.3,47.1 1 1
github.com/ccason/redline/internal/packet/generated.go:48.2,48.11 1 1
github.com/ccason/redline/internal/packet/generated.go:55.2,57.1 3 1
github.com/ccason/redline/internal/packet/generated.go:58.2,58.22 3 1
github.com/ccason/redline/internal/packet/generated.go:59.3,60.1 1 1
github.com/ccason/redline/internal/packet/generated.go:61.2,61.33 1 1
github.com/ccason/redline/internal/packet/generated.go:62.3,62.19 1 1
github.com/ccason/redline/internal/packet/generated.go:63.4,64.1 1 1
github.com/ccason/redline/internal/packet/generated.go:66.2,66.101 1 1
github.com/ccason/redline/internal/packet/generated.go:67.3,68.1 1 1
github.com/ccason/redline/internal/packet/generated.go:69.2,69.43 1 1
github.com/ccason/redline/internal/packet/generated.go:70.3,70.39 1 1
github.com/ccason/redline/internal/packet/generated.go:71.4,72.1 1 1
github.com/ccason/redline/internal/packet/generated.go:75.2,75.45 1 1
github.com/ccason/redline/internal/packet/generated.go:76.3,77.1 1 1
github.com/ccason/redline/internal/packet/generated.go:79.2,79.71 1 1
github.com/ccason/redline/internal/packet/generated.go:80.3,81.1 1 1
github.com/ccason/redline/internal/packet/generated.go:82.2,82.11 1 1
github.com/ccason/redline/internal/packet/generated.go:107.2,107.15 1 1
github.com/ccason/redline/internal/packet/generated.go:108.3,109.1 1 0
github.com/ccason/redline/internal/packet/generated.go:110.2,111.16 2 1
github.com/ccason/redline/internal/packet/generated.go:114.3,115.1 1 1
github.com/ccason/redline/internal/packet/generated.go:116.2,117.1 5 1
github.com/ccason/redline/internal/packet/generated.go:118.2,121.16 5 1
github.com/ccason/redline/internal/packet/generated.go:122.3,124.28 3 1
github.com/ccason/redline/internal/packet/generated.go:125.4,126.1 1 1
github.com/ccason/redline/internal/packet/generated.go:127.3,127.43 1 1
github.com/ccason/redline/internal/packet/generated.go:128.4,129.1 1 1
github.com/ccason/redline/internal/packet/generated.go:130.3,130.88 1 1
github.com/ccason/redline/internal/packet/generated.go:131.4,132.1 1 1
github.com/ccason/redline/internal/packet/generated.go:134.2,134.14 1 1
github.com/ccason/redline/internal/packet/ingest.go:98.2,99.1 1 1
github.com/ccason/redline/internal/packet/ingest.go:102.2,103.1 1 1
github.com/ccason/redline/internal/packet/ingest.go:106.2,107.1 1 1
github.com/ccason/redline/internal/packet/ingest.go:110.2,111.1 1 1
github.com/ccason/redline/internal/packet/ingest.go:114.2,115.1 1 1
github.com/ccason/redline/internal/packet/ingest.go:121.2,122.1 1 1
github.com/ccason/redline/internal/packet/ingest.go:167.2,168.16 2 1
github.com/ccason/redline/internal/packet/ingest.go:169.3,170.1 1 0
github.com/ccason/redline/internal/packet/ingest.go:171.2,172.16 2 1
github.com/ccason/redline/internal/packet/ingest.go:173.3,174.1 1 0
github.com/ccason/redline/internal/packet/ingest.go:175.2,175.45 1 1
github.com/ccason/redline/internal/packet/ingest.go:176.3,177.45 2 1
github.com/ccason/redline/internal/packet/ingest.go:178.4,179.1 1 1
github.com/ccason/redline/internal/packet/ingest.go:180.3,180.50 1 1
github.com/ccason/redline/internal/packet/ingest.go:181.4,182.1 1 1
github.com/ccason/redline/internal/packet/ingest.go:184.2,185.59 2 1
github.com/ccason/redline/internal/packet/ingest.go:186.3,187.1 1 1
github.com/ccason/redline/internal/packet/ingest.go:188.2,188.18 1 1
github.com/ccason/redline/internal/packet/ingest.go:198.2,198.17 1 1
github.com/ccason/redline/internal/packet/ingest.go:199.3,200.1 1 1
github.com/ccason/redline/internal/packet/ingest.go:201.2,201.17 1 1
github.com/ccason/redline/internal/packet/ingest.go:202.3,203.1 1 1
github.com/ccason/redline/internal/packet/ingest.go:204.2,205.23 2 1
github.com/ccason/redline/internal/packet/ingest.go:206.3,207.1 1 1
github.com/ccason/redline/internal/packet/ingest.go:211.2,211.24 1 1
github.com/ccason/redline/internal/packet/ingest.go:212.3,213.1 1 1
github.com/ccason/redline/internal/packet/ingest.go:214.2,214.26 1 1
github.com/ccason/redline/internal/packet/ingest.go:215.3,216.1 1 1
github.com/ccason/redline/internal/packet/ingest.go:217.2,217.25 1 1
github.com/ccason/redline/internal/packet/ingest.go:218.3,219.1 1 1
github.com/ccason/redline/internal/packet/ingest.go:220.2,220.30 1 1
github.com/ccason/redline/internal/packet/ingest.go:221.3,222.1 1 1
github.com/ccason/redline/internal/packet/ingest.go:223.2,223.33 1 1
github.com/ccason/redline/internal/packet/ingest.go:224.3,225.1 1 1
github.com/ccason/redline/internal/packet/ingest.go:226.2,226.31 1 1
github.com/ccason/redline/internal/packet/ingest.go:227.3,228.1 1 1
github.com/ccason/redline/internal/packet/ingest.go:229.2,229.28 1 1
github.com/ccason/redline/internal/packet/ingest.go:230.3,231.1 1 1
github.com/ccason/redline/internal/packet/ingest.go:232.2,232.13 1 1
github.com/ccason/redline/internal/packet/ingest.go:239.2,239.16 1 1
github.com/ccason/redline/internal/packet/ingest.go:240.3,241.1 1 0
github.com/ccason/redline/internal/packet/ingest.go:242.2,244.33 3 1
github.com/ccason/redline/internal/packet/ingest.go:245.3,246.1 1 1
github.com/ccason/redline/internal/packet/ingest.go:247.2,247.35 1 1
github.com/ccason/redline/internal/packet/ingest.go:248.3,249.16 2 1
github.com/ccason/redline/internal/packet/ingest.go:250.4,250.12 1 1
github.com/ccason/redline/internal/packet/ingest.go:252.3,255.5 2 1
github.com/ccason/redline/internal/packet/ingest.go:257.2,259.29 3 1
github.com/ccason/redline/internal/packet/ingest.go:270.2,271.31 2 1
github.com/ccason/redline/internal/packet/ingest.go:272.3,273.21 2 1
github.com/ccason/redline/internal/packet/ingest.go:274.4,275.1 1 1
github.com/ccason/redline/internal/packet/ingest.go:276.3,277.21 2 1
github.com/ccason/redline/internal/packet/ingest.go:278.4,279.1 1 1
github.com/ccason/redline/internal/packet/ingest.go:280.3,281.26 2 1
github.com/ccason/redline/internal/packet/ingest.go:282.4,283.1 1 1
github.com/ccason/redline/internal/packet/ingest.go:284.3,284.51 1 1
github.com/ccason/redline/internal/packet/ingest.go:285.4,286.1 1 1
github.com/ccason/redline/internal/packet/ingest.go:287.3,298.5 1 1
github.com/ccason/redline/internal/packet/ingest.go:300.2,300.12 1 1
github.com/ccason/redline/internal/packet/packet.go:89.2,114.1 1 0
github.com/ccason/redline/internal/cover/cover.go:63.2,63.36 1 1
github.com/ccason/redline/internal/cover/cover.go:64.3,65.75 2 1
github.com/ccason/redline/internal/cover/cover.go:66.4,67.1 1 1
github.com/ccason/redline/internal/cover/cover.go:69.2,69.11 1 1
github.com/ccason/redline/internal/cover/cover.go:87.2,88.16 2 1
github.com/ccason/redline/internal/cover/cover.go:89.3,90.1 1 0
github.com/ccason/redline/internal/cover/cover.go:91.2,92.1 5 1
github.com/ccason/redline/internal/cover/cover.go:93.2,96.16 5 1
github.com/ccason/redline/internal/cover/cover.go:97.3,98.53 2 1
github.com/ccason/redline/internal/cover/cover.go:99.4,99.12 1 1
github.com/ccason/redline/internal/cover/cover.go:101.3,102.16 2 1
github.com/ccason/redline/internal/cover/cover.go:103.4,103.12 1 1
github.com/ccason/redline/internal/cover/cover.go:105.3,107.23 3 1
github.com/ccason/redline/internal/cover/cover.go:108.4,108.12 1 0
github.com/ccason/redline/internal/cover/cover.go:110.3,111.21 2 1
github.com/ccason/redline/internal/cover/cover.go:112.4,112.12 1 0
github.com/ccason/redline/internal/cover/cover.go:114.3,115.10 2 1
github.com/ccason/redline/internal/cover/cover.go:116.4,116.12 1 1
github.com/ccason/redline/internal/cover/cover.go:118.3,119.10 2 1
github.com/ccason/redline/internal/cover/cover.go:120.4,120.12 1 0
github.com/ccason/redline/internal/cover/cover.go:122.3,123.17 2 1
github.com/ccason/redline/internal/cover/cover.go:124.4,124.12 1 0
github.com/ccason/redline/internal/cover/cover.go:126.3,126.85 1 1
github.com/ccason/redline/internal/cover/cover.go:128.2,128.22 1 1
github.com/ccason/redline/internal/cover/cover.go:132.2,133.13 2 1
github.com/ccason/redline/internal/cover/cover.go:134.3,135.1 1 1
github.com/ccason/redline/internal/cover/cover.go:136.2,137.16 2 1
github.com/ccason/redline/internal/cover/cover.go:138.3,139.1 1 0
github.com/ccason/redline/internal/cover/cover.go:140.2,140.16 1 1
github.com/ccason/redline/internal/cover/cover.go:147.2,150.49 4 1
github.com/ccason/redline/internal/cover/cover.go:151.3,151.36 1 1
github.com/ccason/redline/internal/cover/cover.go:152.4,154.12 3 1
github.com/ccason/redline/internal/cover/cover.go:156.3,156.14 1 1
github.com/ccason/redline/internal/cover/cover.go:157.4,157.12 1 1
github.com/ccason/redline/internal/cover/cover.go:159.3,159.10 1 1
github.com/ccason/redline/internal/cover/cover.go:160.71,160.71 0 0
github.com/ccason/redline/internal/cover/cover.go:163.4,164.13 2 1
github.com/ccason/redline/internal/cover/cover.go:165.67,165.67 0 1
github.com/ccason/redline/internal/cover/cover.go:168.4,168.18 1 0
github.com/ccason/redline/internal/cover/cover.go:170.4,170.13 1 1
github.com/ccason/redline/internal/cover/cover.go:173.2,173.12 1 1
github.com/ccason/redline/internal/cover/cover.go:178.2,179.14 2 1
github.com/ccason/redline/internal/cover/cover.go:180.3,181.1 1 0
github.com/ccason/redline/internal/cover/cover.go:182.2,184.13 3 1
github.com/ccason/redline/internal/cover/cover.go:185.3,186.1 1 0
github.com/ccason/redline/internal/cover/cover.go:187.2,188.16 2 1
github.com/ccason/redline/internal/cover/cover.go:189.3,190.1 1 0
github.com/ccason/redline/internal/cover/cover.go:191.2,191.10 1 1
github.com/ccason/redline/internal/cover/cover.go:206.2,207.16 2 1
github.com/ccason/redline/internal/cover/cover.go:208.3,209.1 1 1
github.com/ccason/redline/internal/cover/cover.go:210.2,212.36 3 1
github.com/ccason/redline/internal/cover/cover.go:213.3,214.1 1 0
github.com/ccason/redline/internal/cover/cover.go:216.2,217.28 2 1
github.com/ccason/redline/internal/cover/cover.go:218.3,218.57 1 1
github.com/ccason/redline/internal/cover/cover.go:219.4,219.12 1 1
github.com/ccason/redline/internal/cover/cover.go:221.3,222.24 2 1
github.com/ccason/redline/internal/cover/cover.go:226.4,226.12 1 1
github.com/ccason/redline/internal/cover/cover.go:228.3,229.32 2 1
github.com/ccason/redline/internal/cover/cover.go:230.4,231.18 2 1
github.com/ccason/redline/internal/cover/cover.go:232.5,232.13 1 1
github.com/ccason/redline/internal/cover/cover.go:234.4,235.15 2 1
github.com/ccason/redline/internal/cover/cover.go:236.5,237.1 1 1
github.com/ccason/redline/internal/cover/cover.go:238.5,239.1 1 1
github.com/ccason/redline/internal/cover/cover.go:241.3,241.19 1 1
github.com/ccason/redline/internal/cover/cover.go:242.4,243.1 1 1
github.com/ccason/redline/internal/cover/cover.go:245.2,245.19 1 1
github.com/ccason/redline/internal/cover/cover.go:246.3,247.1 1 1
github.com/ccason/redline/internal/cover/cover.go:248.2,250.12 3 1
github.com/ccason/redline/internal/cover/cover.go:257.2,257.31 1 1
github.com/ccason/redline/internal/cover/cover.go:258.3,259.1 1 0
github.com/ccason/redline/internal/cover/cover.go:260.2,261.30 2 1
github.com/ccason/redline/internal/cover/cover.go:262.3,262.36 1 1
github.com/ccason/redline/internal/cover/cover.go:263.4,264.1 1 1
github.com/ccason/redline/internal/cover/cover.go:266.2,266.12 1 1
github.com/ccason/redline/internal/cover/cover.go:273.2,273.27 1 1
github.com/ccason/redline/internal/cover/cover.go:274.3,274.45 1 1
github.com/ccason/redline/internal/cover/cover.go:275.4,275.12 1 1
github.com/ccason/redline/internal/cover/cover.go:277.3,278.18 2 1
github.com/ccason/redline/internal/cover/cover.go:282.4,283.1 1 1
github.com/ccason/redline/internal/cover/cover.go:285.2,285.25 1 1
github.com/ccason/redline/internal/cover/cover.go:291.2,292.16 2 1
github.com/ccason/redline/internal/cover/cover.go:293.3,294.1 1 0
github.com/ccason/redline/internal/cover/cover.go:295.2,296.28 2 1
github.com/ccason/redline/internal/cover/cover.go:297.3,298.17 2 1
github.com/ccason/redline/internal/cover/cover.go:299.4,299.12 1 1
github.com/ccason/redline/internal/cover/cover.go:301.3,301.56 1 1
github.com/ccason/redline/internal/cover/cover.go:302.4,303.1 1 1
github.com/ccason/redline/internal/cover/cover.go:305.2,305.14 1 1
github.com/ccason/redline/internal/cover/cover.go:309.2,309.33 1 1
github.com/ccason/redline/internal/cover/cover.go:310.3,310.71 1 0
github.com/ccason/redline/internal/cover/cover.go:311.4,312.1 1 0
